// Jest Snapshot v1, https://goo.gl/fbAQLP

exports[`returns expected CloudFormation stack 1`] = `
{
  "Description": "AWS CodeDeploy hooks",
  "Parameters": {
    "BootstrapVersion": {
      "Default": "/cdk-bootstrap/hnb659fds/version",
      "Description": "Version of the CDK Bootstrap resources in this environment, automatically retrieved from SSM Parameter Store. [cdk:skip]",
      "Type": "AWS::SSM::Parameter::Value<String>",
    },
  },
  "Resources": {
    "BeforeAllowTrafficHookFCD1BC97": {
      "DependsOn": [
        "BeforeAllowTrafficHookServiceRoleDefaultPolicyDB153C72",
        "BeforeAllowTrafficHookServiceRole78A95A40",
      ],
      "Properties": {
        "Code": {
          "S3Bucket": {
            "Fn::Sub": "cdk-hnb659fds-assets-\${AWS::AccountId}-\${AWS::Region}",
          },
          "S3Key": "xxxxxxxxxxxxxxxxxxxxxxxxxxxxxxxxxxxxxxxxxxxxxxxxxxxxxxxxxxxxxxxx.zip",
        },
        "Description": "BeforeAllowTraffic hook deployed outside of a VPC",
        "Environment": {
          "Variables": {
            "NODE_ENV": "production",
            "NODE_OPTIONS": "--enable-source-maps",
          },
        },
        "FunctionName": "aws-codedeploy-hook-BeforeAllowTraffic",
        "Handler": "index.handler",
        "Role": {
          "Fn::GetAtt": [
            "BeforeAllowTrafficHookServiceRole78A95A40",
            "Arn",
          ],
        },
        "Runtime": "nodejs20.x",
        "Timeout": 300,
      },
      "Type": "AWS::Lambda::Function",
    },
    "BeforeAllowTrafficHookServiceRole78A95A40": {
      "Properties": {
        "AssumeRolePolicyDocument": {
          "Statement": [
            {
              "Action": "sts:AssumeRole",
              "Effect": "Allow",
              "Principal": {
                "Service": "lambda.amazonaws.com",
              },
            },
          ],
          "Version": "2012-10-17",
        },
        "ManagedPolicyArns": [
          {
            "Fn::Join": [
              "",
              [
                "arn:",
                {
                  "Ref": "AWS::Partition",
                },
                ":iam::aws:policy/service-role/AWSLambdaBasicExecutionRole",
              ],
            ],
          },
        ],
      },
      "Type": "AWS::IAM::Role",
    },
    "BeforeAllowTrafficHookServiceRoleDefaultPolicyDB153C72": {
      "Properties": {
        "PolicyDocument": {
          "Statement": [
            {
              "Action": [
                "codedeploy:GetApplicationRevision",
                "codedeploy:GetDeployment",
                "codedeploy:PutLifecycleEventHookExecutionStatus",
                "lambda:InvokeFunction",
              ],
              "Effect": "Allow",
              "Resource": "*",
            },
            {
              "Action": "*",
              "Condition": {
                "Null": {
                  "aws:ResourceTag/aws-codedeploy-hooks": "true",
                },
              },
              "Effect": "Deny",
              "Resource": "*",
            },
            {
              "Action": "*",
              "Condition": {
                "StringEquals": {
                  "aws:ResourceTag/aws-codedeploy-hooks": [
                    "",
                    "false",
                  ],
                },
              },
              "Effect": "Deny",
              "Resource": "*",
            },
          ],
          "Version": "2012-10-17",
        },
        "PolicyName": "BeforeAllowTrafficHookServiceRoleDefaultPolicyDB153C72",
        "Roles": [
          {
            "Ref": "BeforeAllowTrafficHookServiceRole78A95A40",
          },
        ],
      },
      "Type": "AWS::IAM::Policy",
    },
  },
  "Rules": {
    "CheckBootstrapVersion": {
      "Assertions": [
        {
          "Assert": {
            "Fn::Not": [
              {
                "Fn::Contains": [
                  [
                    "1",
                    "2",
                    "3",
                    "4",
                    "5",
                  ],
                  {
                    "Ref": "BootstrapVersion",
                  },
                ],
              },
            ],
          },
          "AssertDescription": "CDK bootstrap stack version 6 required. Please run 'cdk bootstrap' with a recent version of the CDK CLI.",
        },
      ],
    },
  },
}
`;
